// Jest Snapshot v1, https://goo.gl/fbAQLP

exports[`ArticleCard Snapshot Test Snapshot matches 1`] = `
<DocumentFragment>
  <style
    data-mantine-styles="classes"
  >
    @media (max-width: 35.99375em) {.mantine-visible-from-xs {display: none !important;}}@media (min-width: 36em) {.mantine-hidden-from-xs {display: none !important;}}@media (max-width: 47.99375em) {.mantine-visible-from-sm {display: none !important;}}@media (min-width: 48em) {.mantine-hidden-from-sm {display: none !important;}}@media (max-width: 61.99375em) {.mantine-visible-from-md {display: none !important;}}@media (min-width: 62em) {.mantine-hidden-from-md {display: none !important;}}@media (max-width: 74.99375em) {.mantine-visible-from-lg {display: none !important;}}@media (min-width: 75em) {.mantine-hidden-from-lg {display: none !important;}}@media (max-width: 87.99375em) {.mantine-visible-from-xl {display: none !important;}}@media (min-width: 88em) {.mantine-hidden-from-xl {display: none !important;}}
  </style>
  <a
    class="card m-e615b15f mantine-Card-root m-1b7284a3 mantine-Paper-root"
    style="--paper-radius: var(--mantine-radius-md); --paper-shadow: var(--mantine-shadow-sm); padding: 0rem;"
  >
    <button
      class="mantine-focus-auto m-87cf2631 mantine-UnstyledButton-root"
      type="button"
    >
      <div
        class="m-71ac47fc mantine-AspectRatio-root"
        style="--ar-ratio: 1.7777777777777777;"
      >
        <img
          alt="Forsidebilde for Flashy"
          data-nimg="1"
          decoding="async"
          fetchpriority="high"
          height="100"
          src="/_next/image?url=https%3A%2F%2Fpicsum.photos%2F300%3Fgrayscale&w=640&q=75"
          srcset="/_next/image?url=https%3A%2F%2Fpicsum.photos%2F300%3Fgrayscale&w=256&q=75 1x, /_next/image?url=https%3A%2F%2Fpicsum.photos%2F300%3Fgrayscale&w=640&q=75 2x"
          style="color: transparent; border-radius: 5px;"
          width="200"
        />
      </div>
      <div
        class=""
        style="min-height: calc(0.625rem * var(--mantine-scale));"
      />
      <div
        class="m-6d731127 mantine-Stack-root"
        style="--stack-gap: var(--mantine-spacing-md); --stack-align: left; --stack-justify: flex-start; width: 100%;"
      >
        <div
          class="m-6d731127 mantine-Stack-root"
          style="--stack-gap: 0rem; --stack-align: stretch; --stack-justify: flex-start;"
        >
          <p
            class="mantine-focus-auto m-b6d8b162 mantine-Text-root"
            data-size="xs"
            style="--text-fz: var(--mantine-font-size-xs); --text-lh: var(--mantine-line-height-xs); font-weight: 700; text-transform: uppercase;"
          >
            üë®‚Äçüé® slettet bruker 
          </p>
          <p
            class="mantine-focus-auto m-b6d8b162 mantine-Text-root"
            data-size="xl"
            style="--text-fz: var(--mantine-font-size-xl); --text-lh: var(--mantine-line-height-xl); font-weight: 600; text-transform: capitalize;"
          >
            dummy
          </p>
        </div>
        <div
          class="m-4081bf90 mantine-Group-root"
          style="--group-gap: var(--mantine-spacing-md); --group-align: center; --group-justify: space-between; --group-wrap: wrap; display: flex; width: 100%;"
        >
          <div
            class="m-7485cace mantine-Container-root"
            style="display: flex; align-items: center;"
          >
            <p
              class="mantine-focus-auto m-b6d8b162 mantine-Text-root"
              data-size="xl"
              style="--text-fz: var(--mantine-font-size-xl); --text-lh: var(--mantine-line-height-xl); padding-right: 2px; font-weight: 700;"
            >
              2
            </p>
            <svg
              class="tabler-icon tabler-icon-thumb-up"
              fill="none"
              height="24"
              stroke="currentColor"
              stroke-linecap="round"
              stroke-linejoin="round"
              stroke-width="2"
              viewBox="0 0 24 24"
              width="24"
              xmlns="http://www.w3.org/2000/svg"
            >
              <path
                d="M7 11v8a1 1 0 0 1 -1 1h-2a1 1 0 0 1 -1 -1v-7a1 1 0 0 1 1 -1h3a4 4 0 0 0 4 -4v-1a2 2 0 0 1 4 0v5h3a2 2 0 0 1 2 2l-1 5a2 3 0 0 1 -2 2h-7a3 3 0 0 1 -3 -3"
              />
            </svg>
          </div>
          <div
            class="m-3eebeb36 mantine-Divider-root"
            data-orientation="vertical"
            role="separator"
          />
          <div
            class="m-7485cace mantine-Container-root"
            style="display: flex; align-items: center;"
          >
            <p
              class="mantine-focus-auto m-b6d8b162 mantine-Text-root"
              data-size="xl"
              style="--text-fz: var(--mantine-font-size-xl); --text-lh: var(--mantine-line-height-xl); padding-right: 2px; font-weight: 700;"
            >
              2
            </p>
            <svg
              class="tabler-icon tabler-icon-eye-up"
              fill="none"
              height="24"
              stroke="currentColor"
              stroke-linecap="round"
              stroke-linejoin="round"
              stroke-width="2"
              viewBox="0 0 24 24"
              width="24"
              xmlns="http://www.w3.org/2000/svg"
            >
              <path
                d="M10 12a2 2 0 1 0 4 0a2 2 0 0 0 -4 0"
              />
              <path
                d="M12 18c-3.6 0 -6.6 -2 -9 -6c2.4 -4 5.4 -6 9 -6c3.6 0 6.6 2 9 6c-.09 .15 -.18 .295 -.27 .439"
              />
              <path
                d="M19 22v-6"
              />
              <path
                d="M22 19l-3 -3l-3 3"
              />
            </svg>
          </div>
          <div
            class="m-3eebeb36 mantine-Divider-root"
            data-orientation="vertical"
            role="separator"
          />
          <div
            class="m-7485cace mantine-Container-root"
            style="display: flex; align-items: center;"
          >
            <p
              class="mantine-focus-auto m-b6d8b162 mantine-Text-root"
              data-size="xl"
              style="--text-fz: var(--mantine-font-size-xl); --text-lh: var(--mantine-line-height-xl); padding-right: 2px; font-weight: 700;"
            >
              3
            </p>
            <svg
              class="tabler-icon tabler-icon-brand-hipchat"
              fill="none"
              height="24"
              stroke="currentColor"
              stroke-linecap="round"
              stroke-linejoin="round"
              stroke-width="2"
              viewBox="0 0 24 24"
              width="24"
              xmlns="http://www.w3.org/2000/svg"
            >
              <path
                d="M17.802 17.292s.077 -.055 .2 -.149c1.843 -1.425 3 -3.49 3 -5.789c0 -4.286 -4.03 -7.764 -9 -7.764c-4.97 0 -9 3.478 -9 7.764c0 4.288 4.03 7.646 9 7.646c.424 0 1.12 -.028 2.088 -.084c1.262 .82 3.104 1.493 4.716 1.493c.499 0 .734 -.41 .414 -.828c-.486 -.596 -1.156 -1.551 -1.416 -2.29z"
              />
              <path
                d="M7.5 13.5c2.5 2.5 6.5 2.5 9 0"
              />
            </svg>
          </div>
        </div>
      </div>
    </button>
  </a>
</DocumentFragment>
`;
